<!DOCTYPE html>
<html lang="en">
  <head>
    <meta charset="UTF-8">
    <title></title>
  </head>
  <body>
    <h1>rspec-snapshot</h1>
    <p>
      Snapshot is awesome!
    </p>
  </body>
</html>